Archive member included to satisfy reference by file (symbol)

./libopencm3/lib/libopencm3_stm32f1.a(flash.o)
                              dbasemgt.o (flash_get_status_flags)
./libopencm3/lib/libopencm3_stm32f1.a(gpio.o)
                              msxmap.o (gpio_set_mode)
./libopencm3/lib/libopencm3_stm32f1.a(rcc.o)
                              ps2-msx.o (rcc_clock_setup_in_hse_8mhz_out_72mhz)
./libopencm3/lib/libopencm3_stm32f1.a(gpio_common_all.o)
                              msxmap.o (gpio_set)
./libopencm3/lib/libopencm3_stm32f1.a(iwdg_common_all.o)
                              ps2-msx.o (iwdg_start)
./libopencm3/lib/libopencm3_stm32f1.a(timer_common_all.o)
                              hr_timer.o (timer_enable_irq)
./libopencm3/lib/libopencm3_stm32f1.a(usart_common_all.o)
                              serial.o (usart_set_baudrate)
./libopencm3/lib/libopencm3_stm32f1.a(usart_common_f124.o)
                              serial.o (usart_send)
./libopencm3/lib/libopencm3_stm32f1.a(rcc_common_all.o)
                              serial.o (rcc_periph_clock_enable)
./libopencm3/lib/libopencm3_stm32f1.a(exti_common_all.o)
                              msxmap.o (exti_set_trigger)
./libopencm3/lib/libopencm3_stm32f1.a(flash_common_f01.o)
                              ./libopencm3/lib/libopencm3_stm32f1.a(rcc.o) (flash_set_ws)
./libopencm3/lib/libopencm3_stm32f1.a(vector.o)
                              (reset_handler)
./libopencm3/lib/libopencm3_stm32f1.a(systick.o)
                              sys_timer.o (systick_set_reload)
./libopencm3/lib/libopencm3_stm32f1.a(nvic.o)
                              msxmap.o (nvic_enable_irq)
./libopencm3/lib/libopencm3_stm32f1.a(assert.o)
                              ./libopencm3/lib/libopencm3_stm32f1.a(rcc.o) (cm3_assert_failed)
/opt/gcc-arm/bin/../lib/gcc/arm-none-eabi/10.2.1/../../../../arm-none-eabi/lib/thumb/v7-m/nofp/libc.a(lib_a-errno.o)
                              serial.o (__errno)
/opt/gcc-arm/bin/../lib/gcc/arm-none-eabi/10.2.1/../../../../arm-none-eabi/lib/thumb/v7-m/nofp/libc.a(lib_a-impure.o)
                              /opt/gcc-arm/bin/../lib/gcc/arm-none-eabi/10.2.1/../../../../arm-none-eabi/lib/thumb/v7-m/nofp/libc.a(lib_a-errno.o) (_impure_ptr)
/opt/gcc-arm/bin/../lib/gcc/arm-none-eabi/10.2.1/thumb/v7-m/nofp/libgcc.a(_paritysi2.o)
                              ps2handl.o (__paritysi2)
/opt/gcc-arm/bin/../lib/gcc/arm-none-eabi/10.2.1/thumb/v7-m/nofp/libgcc.a(unwind-arm.o)
                              msxmap.o (__aeabi_unwind_cpp_pr0)
/opt/gcc-arm/bin/../lib/gcc/arm-none-eabi/10.2.1/thumb/v7-m/nofp/libgcc.a(libunwind.o)
                              /opt/gcc-arm/bin/../lib/gcc/arm-none-eabi/10.2.1/thumb/v7-m/nofp/libgcc.a(unwind-arm.o) (restore_core_regs)
/opt/gcc-arm/bin/../lib/gcc/arm-none-eabi/10.2.1/thumb/v7-m/nofp/libgcc.a(pr-support.o)
                              /opt/gcc-arm/bin/../lib/gcc/arm-none-eabi/10.2.1/thumb/v7-m/nofp/libgcc.a(unwind-arm.o) (__gnu_unwind_execute)
/opt/gcc-arm/bin/../lib/gcc/arm-none-eabi/10.2.1/../../../../arm-none-eabi/lib/thumb/v7-m/nofp/libc.a(lib_a-abort.o)
                              /opt/gcc-arm/bin/../lib/gcc/arm-none-eabi/10.2.1/thumb/v7-m/nofp/libgcc.a(unwind-arm.o) (abort)
/opt/gcc-arm/bin/../lib/gcc/arm-none-eabi/10.2.1/../../../../arm-none-eabi/lib/thumb/v7-m/nofp/libc.a(lib_a-memcpy.o)
                              /opt/gcc-arm/bin/../lib/gcc/arm-none-eabi/10.2.1/thumb/v7-m/nofp/libgcc.a(unwind-arm.o) (memcpy)
/opt/gcc-arm/bin/../lib/gcc/arm-none-eabi/10.2.1/../../../../arm-none-eabi/lib/thumb/v7-m/nofp/libc.a(lib_a-signal.o)
                              /opt/gcc-arm/bin/../lib/gcc/arm-none-eabi/10.2.1/../../../../arm-none-eabi/lib/thumb/v7-m/nofp/libc.a(lib_a-abort.o) (raise)
/opt/gcc-arm/bin/../lib/gcc/arm-none-eabi/10.2.1/../../../../arm-none-eabi/lib/thumb/v7-m/nofp/libc.a(lib_a-signalr.o)
                              /opt/gcc-arm/bin/../lib/gcc/arm-none-eabi/10.2.1/../../../../arm-none-eabi/lib/thumb/v7-m/nofp/libc.a(lib_a-signal.o) (_kill_r)
/opt/gcc-arm/bin/../lib/gcc/arm-none-eabi/10.2.1/../../../../arm-none-eabi/lib/thumb/v7-m/nofp/libc.a(lib_a-mallocr.o)
                              /opt/gcc-arm/bin/../lib/gcc/arm-none-eabi/10.2.1/../../../../arm-none-eabi/lib/thumb/v7-m/nofp/libc.a(lib_a-signal.o) (_malloc_r)
/opt/gcc-arm/bin/../lib/gcc/arm-none-eabi/10.2.1/../../../../arm-none-eabi/lib/thumb/v7-m/nofp/libc.a(lib_a-mlock.o)
                              /opt/gcc-arm/bin/../lib/gcc/arm-none-eabi/10.2.1/../../../../arm-none-eabi/lib/thumb/v7-m/nofp/libc.a(lib_a-mallocr.o) (__malloc_lock)
/opt/gcc-arm/bin/../lib/gcc/arm-none-eabi/10.2.1/../../../../arm-none-eabi/lib/thumb/v7-m/nofp/libc.a(lib_a-reent.o)
                              /opt/gcc-arm/bin/../lib/gcc/arm-none-eabi/10.2.1/../../../../arm-none-eabi/lib/thumb/v7-m/nofp/libc.a(lib_a-signalr.o) (errno)
/opt/gcc-arm/bin/../lib/gcc/arm-none-eabi/10.2.1/../../../../arm-none-eabi/lib/thumb/v7-m/nofp/libc.a(lib_a-sbrkr.o)
[...]
Memory Configuration

Name             Origin             Length             Attributes
ram              0x0000000020000000 0x0000000000002800 xrw
rom              0x0000000008000000 0x0000000000007100 xr
fixed_data       0x0000000008007100 0x0000000000000f00 xr
*default*        0x0000000000000000 0xffffffffffffffff

Linker script and memory map

LOAD msxmap.o
LOAD ps2handl.o
LOAD sys_timer.o
LOAD dbasemgt.o
LOAD serial.o
LOAD hr_timer.o
LOAD ps2-msx.o
LOAD ./libopencm3/lib/libopencm3_stm32f1.a
START GROUP
LOAD /opt/gcc-arm/bin/../lib/gcc/arm-none-eabi/10.2.1/../../../../arm-none-eabi/lib/thumb/v7-m/nofp/libc.a
LOAD /opt/gcc-arm/bin/../lib/gcc/arm-none-eabi/10.2.1/thumb/v7-m/nofp/libgcc.a
LOAD /opt/gcc-arm/bin/../lib/gcc/arm-none-eabi/10.2.1/../../../../arm-none-eabi/lib/thumb/v7-m/nofp/libnosys.a
END GROUP
START GROUP
LOAD /opt/gcc-arm/bin/../lib/gcc/arm-none-eabi/10.2.1/thumb/v7-m/nofp/libgcc.a
LOAD /opt/gcc-arm/bin/../lib/gcc/arm-none-eabi/10.2.1/../../../../arm-none-eabi/lib/thumb/v7-m/nofp/libc.a
END GROUP

.MSXDATABASE    0x0000000008007100      0xc80
 *(MSXDATABASE)
 MSXDATABASE    0x0000000008007100      0xc80 msxmap.o

.text           0x0000000008000000     0x4de8
 *(.vectors)
 .vectors       0x0000000008000000      0x150 ./libopencm3/lib/libopencm3_stm32f1.a(vector.o)
                0x0000000008000000                vector_table
 *(.text*)
 .text._ZN6msxmap19msx_interface_setupEv
                0x0000000008000150      0x220 msxmap.o
                0x0000000008000150                msxmap::msx_interface_setup()
 .text._ZN6msxmap36available_msx_disp_keys_queue_bufferEv
                0x0000000008000370       0x20 msxmap.o
                0x0000000008000370                msxmap::available_msx_disp_keys_queue_buffer()
 .text._ZN6msxmap30get_msx_disp_keys_queue_bufferEv
                0x0000000008000390       0x34 msxmap.o
                0x0000000008000390                msxmap::get_msx_disp_keys_queue_buffer()
 .text._ZN6msxmap30put_msx_disp_keys_queue_bufferEh
                0x00000000080003c4       0x3c msxmap.o
                0x00000000080003c4                msxmap::put_msx_disp_keys_queue_buffer(unsigned char)
 .text._ZN6msxmap40compute_x_bits_and_check_interrupt_stuckEhhb
                0x0000000008000400      0x2fc msxmap.o
                0x0000000008000400                msxmap::compute_x_bits_and_check_interrupt_stuck(unsigned char, unsigned char, bool)
 .text._ZN6msxmap12msxqueuekeysEv
                0x00000000080006fc       0x26 msxmap.o
                0x00000000080006fc                msxmap::msxqueuekeys()
 *fill*         0x0000000008000722        0x2 
 .text._ZN6msxmap12msx_dispatchEtb
                0x0000000008000724      0x4c4 msxmap.o
                0x0000000008000724                msxmap::msx_dispatch(unsigned short, bool)
 .text._ZN6msxmap11convert2msxEv
                0x0000000008000be8      0x2ec msxmap.o
                0x0000000008000be8                msxmap::convert2msx()
 .text.exti9_5_isr
                0x0000000008000ed4       0x8c msxmap.o
                0x0000000008000ed4                exti9_5_isr
 .text.exti15_10_isr
                0x0000000008000f60       0x8c msxmap.o
                0x0000000008000f60                exti15_10_isr
 .text.exti4_isr
                0x0000000008000fec        0x2 msxmap.o
                0x0000000008000fec                exti4_isr
 *fill*         0x0000000008000fee        0x2 
 .text.power_off_ps2_keyboard
                0x0000000008000ff0       0x10 ps2handl.o
                0x0000000008000ff0                power_off_ps2_keyboard
 .text.init_ps2_recv_buffer
                0x0000000008001000       0x28 ps2handl.o
                0x0000000008001000                init_ps2_recv_buffer
 .text.power_on_ps2_keyboard
                0x0000000008001028       0x68 ps2handl.o
                0x0000000008001028                power_on_ps2_keyboard
 .text.available_ps2_byte
                0x0000000008001090       0x20 ps2handl.o
                0x0000000008001090                available_ps2_byte
 .text.get_ps2_byte
                0x00000000080010b0       0x2c ps2handl.o
                0x00000000080010b0                get_ps2_byte
 .text.send_start_bit_next
                0x00000000080010dc        0xc ps2handl.o
                0x00000000080010dc                send_start_bit_next
 .text.send_start_bit_now
                0x00000000080010e8       0x48 ps2handl.o
                0x00000000080010e8                send_start_bit_now
 .text.send_start_bit2
                0x0000000008001130       0x1c ps2handl.o
                0x0000000008001130                send_start_bit2
 .text.send_start_bit3
                0x000000000800114c       0x34 ps2handl.o
                0x000000000800114c                send_start_bit3
 .text.ps2_clock_send
                0x0000000008001180      0x15c ps2handl.o
                0x0000000008001180                ps2_clock_send
 .text.ps2_clock_receive
                0x00000000080012dc      0x200 ps2handl.o
                0x00000000080012dc                ps2_clock_receive
 .text.ps2_clock_update
                0x00000000080014dc       0xe4 ps2handl.o
                0x00000000080014dc                ps2_clock_update
 .text.ps2_send_command
                0x00000000080015c0       0x30 ps2handl.o
                0x00000000080015c0                ps2_send_command
 .text.ps2_keyb_detect
                0x00000000080015f0      0x1a8 ps2handl.o
                0x00000000080015f0                ps2_keyb_detect
 .text.ps2_update_leds
                0x0000000008001798       0x40 ps2handl.o
                0x0000000008001798                ps2_update_leds
 .text.reset_mount_scancode_machine
                0x00000000080017d8       0x24 ps2handl.o
                0x00000000080017d8                reset_mount_scancode_machine
 .text.mount_scancode
                0x00000000080017fc      0x22c ps2handl.o
                0x00000000080017fc                mount_scancode
 .text.general_debug_setup
                0x0000000008001a28       0x84 ps2handl.o
                0x0000000008001a28                general_debug_setup
 .text._Z13systick_setupv
                0x0000000008001aac       0x50 sys_timer.o
                0x0000000008001aac                systick_setup()
 .text.sys_tick_handler
                0x0000000008001afc      0x10c sys_timer.o
                0x0000000008001afc                sys_tick_handler
 .text.check_page_erased
                0x0000000008001c08       0x70 dbasemgt.o
                0x0000000008001c08                check_page_erased
 .text.check_flash_locked
                0x0000000008001c78       0x20 dbasemgt.o
                0x0000000008001c78                check_flash_locked
 .text.check_flash_error
                0x0000000008001c98       0x6c dbasemgt.o
                0x0000000008001c98                check_flash_error
 .text.usart_get_string_line
                0x0000000008001d04       0xc4 dbasemgt.o
                0x0000000008001d04                usart_get_string_line
 .text.validate_intel_hex_record
                0x0000000008001dc8       0xec dbasemgt.o
                0x0000000008001dc8                validate_intel_hex_record
 .text.usart_get_intel_hex
                0x0000000008001eb4      0x10c dbasemgt.o
                0x0000000008001eb4                usart_get_intel_hex
 .text.get_valid_intelhex_file
                0x0000000008001fc0       0x58 dbasemgt.o
                0x0000000008001fc0                get_valid_intelhex_file
 .text.flash_program_data
                0x0000000008002018      0x3c0 dbasemgt.o
                0x0000000008002018                flash_program_data
 .text.flash_rw
                0x00000000080023d8       0x60 dbasemgt.o
                0x00000000080023d8                flash_rw
 .text.ring_put_ch
                0x0000000008002438       0x2a serial.o
 *fill*         0x0000000008002462        0x2 
 .text.ring_tx_put_ch
                0x0000000008002464       0x28 serial.o
 .text.ring_avail_get_ch
                0x000000000800248c        0xc serial.o
 .text.ring_get_ch
                0x0000000008002498       0x2c serial.o
 .text.ring_rx_get_ch
                0x00000000080024c4       0x88 serial.o
 .text.ring_init
                0x000000000800254c        0xa serial.o
                0x000000000800254c                ring_init
 *fill*         0x0000000008002556        0x2 
 .text.serial_available_get_char
                0x0000000008002558       0x10 serial.o
                0x0000000008002558                serial_available_get_char
 .text.serial_get_char
                0x0000000008002568       0x14 serial.o
                0x0000000008002568                serial_get_char
 .text.serial_put_char
                0x000000000800257c       0x12 serial.o
                0x000000000800257c                serial_put_char
 .text.usart_send_string
                0x000000000800258e       0x22 serial.o
                0x000000000800258e                usart_send_string
 .text.wait_tx_ends
                0x00000000080025b0       0x26 serial.o
                0x00000000080025b0                wait_tx_ends
 .text.conv_2a_hex_to_uint8
                0x00000000080025d6       0x38 serial.o
                0x00000000080025d6                conv_2a_hex_to_uint8
 .text.conv_uint32_to_8a_hex
                0x000000000800260e       0x2c serial.o
                0x000000000800260e                conv_uint32_to_8a_hex
 *fill*         0x000000000800263a        0x2 
 .text.conv_uint32_to_dec
                0x000000000800263c       0x90 serial.o
                0x000000000800263c                conv_uint32_to_dec
 .text.conv_uint8_to_2a_hex
                0x00000000080026cc       0x2c serial.o
                0x00000000080026cc                conv_uint8_to_2a_hex
 .text.serial_setup
                0x00000000080026f8       0xb8 serial.o
                0x00000000080026f8                serial_setup
 .text.usart2_isr
                0x00000000080027b0       0xb8 serial.o
                0x00000000080027b0                usart2_isr
 .text.delay_usec
                0x0000000008002868       0x58 hr_timer.o
                0x0000000008002868                delay_usec
 .text.prepares_capture
                0x00000000080028c0       0x88 hr_timer.o
                0x00000000080028c0                prepares_capture
 .text.tim2_setup
                0x0000000008002948       0x80 hr_timer.o
                0x0000000008002948                tim2_setup
 .text.tim2_isr
                0x00000000080029c8      0x100 hr_timer.o
                0x00000000080029c8                tim2_isr
 .text.main     0x0000000008002ac8      0x27c ps2-msx.o
                0x0000000008002ac8                main
 .text.hard_fault_handler
                0x0000000008002d44       0x10 ps2-msx.o
                0x0000000008002d44                hard_fault_handler
 .text.flash_get_status_flags
                0x0000000008002d54       0x24 ./libopencm3/lib/libopencm3_stm32f1.a(flash.o)
                0x0000000008002d54                flash_get_status_flags
 .text.flash_program_half_word
                0x0000000008002d78       0x70 ./libopencm3/lib/libopencm3_stm32f1.a(flash.o)
                0x0000000008002d78                flash_program_half_word
 .text.flash_erase_page
                0x0000000008002de8       0x80 ./libopencm3/lib/libopencm3_stm32f1.a(flash.o)
                0x0000000008002de8                flash_erase_page
 .text.gpio_set_mode
                0x0000000008002e68       0x5e ./libopencm3/lib/libopencm3_stm32f1.a(gpio.o)
                0x0000000008002e68                gpio_set_mode
 *fill*         0x0000000008002ec6        0x2 
 .text.gpio_primary_remap
                0x0000000008002ec8       0x14 ./libopencm3/lib/libopencm3_stm32f1.a(gpio.o)
                0x0000000008002ec8                gpio_primary_remap
 .text.rcc_is_osc_ready
                0x0000000008002edc       0x58 ./libopencm3/lib/libopencm3_stm32f1.a(rcc.o)
                0x0000000008002edc                rcc_is_osc_ready
 .text.rcc_wait_for_osc_ready
                0x0000000008002f34       0x10 ./libopencm3/lib/libopencm3_stm32f1.a(rcc.o)
                0x0000000008002f34                rcc_wait_for_osc_ready
 .text.rcc_osc_on
                0x0000000008002f44       0x60 ./libopencm3/lib/libopencm3_stm32f1.a(rcc.o)
                0x0000000008002f44                rcc_osc_on
 .text.rcc_set_sysclk_source
                0x0000000008002fa4       0x14 ./libopencm3/lib/libopencm3_stm32f1.a(rcc.o)
                0x0000000008002fa4                rcc_set_sysclk_source
 .text.rcc_set_pll_multiplication_factor
                0x0000000008002fb8       0x14 ./libopencm3/lib/libopencm3_stm32f1.a(rcc.o)
                0x0000000008002fb8                rcc_set_pll_multiplication_factor
 .text.rcc_set_pll_source
                0x0000000008002fcc       0x14 ./libopencm3/lib/libopencm3_stm32f1.a(rcc.o)
                0x0000000008002fcc                rcc_set_pll_source
 .text.rcc_set_pllxtpre
                0x0000000008002fe0       0x14 ./libopencm3/lib/libopencm3_stm32f1.a(rcc.o)
                0x0000000008002fe0                rcc_set_pllxtpre
 .text.rcc_set_adcpre
                0x0000000008002ff4       0x14 ./libopencm3/lib/libopencm3_stm32f1.a(rcc.o)
                0x0000000008002ff4                rcc_set_adcpre
 .text.rcc_set_ppre2
                0x0000000008003008       0x14 ./libopencm3/lib/libopencm3_stm32f1.a(rcc.o)
                0x0000000008003008                rcc_set_ppre2
 .text.rcc_set_ppre1
                0x000000000800301c       0x14 ./libopencm3/lib/libopencm3_stm32f1.a(rcc.o)
                0x000000000800301c                rcc_set_ppre1
 .text.rcc_set_hpre
                0x0000000008003030       0x14 ./libopencm3/lib/libopencm3_stm32f1.a(rcc.o)
                0x0000000008003030                rcc_set_hpre
 .text.rcc_clock_setup_in_hse_8mhz_out_72mhz
                0x0000000008003044       0x88 ./libopencm3/lib/libopencm3_stm32f1.a(rcc.o)
                0x0000000008003044                rcc_clock_setup_in_hse_8mhz_out_72mhz
 .text.gpio_set
                0x00000000080030cc        0x4 ./libopencm3/lib/libopencm3_stm32f1.a(gpio_common_all.o)
                0x00000000080030cc                gpio_set
 .text.gpio_clear
                0x00000000080030d0        0x6 ./libopencm3/lib/libopencm3_stm32f1.a(gpio_common_all.o)
                0x00000000080030d0                gpio_clear
 .text.gpio_get
                0x00000000080030d6        0x6 ./libopencm3/lib/libopencm3_stm32f1.a(gpio_common_all.o)
                0x00000000080030d6                gpio_get
 .text.gpio_toggle
                0x00000000080030dc       0x12 ./libopencm3/lib/libopencm3_stm32f1.a(gpio_common_all.o)
                0x00000000080030dc                gpio_toggle
 .text.gpio_port_read
                0x00000000080030ee        0x6 ./libopencm3/lib/libopencm3_stm32f1.a(gpio_common_all.o)
                0x00000000080030ee                gpio_port_read
 .text.gpio_port_config_lock
                0x00000000080030f4       0x10 ./libopencm3/lib/libopencm3_stm32f1.a(gpio_common_all.o)
                0x00000000080030f4                gpio_port_config_lock
 .text.iwdg_start
                0x0000000008003104       0x10 ./libopencm3/lib/libopencm3_stm32f1.a(iwdg_common_all.o)
                0x0000000008003104                iwdg_start
 .text.iwdg_reload_busy
                0x0000000008003114       0x10 ./libopencm3/lib/libopencm3_stm32f1.a(iwdg_common_all.o)
                0x0000000008003114                iwdg_reload_busy
 .text.iwdg_set_period_ms
                0x0000000008003124       0x84 ./libopencm3/lib/libopencm3_stm32f1.a(iwdg_common_all.o)
                0x0000000008003124                iwdg_set_period_ms
 .text.iwdg_reset
                0x00000000080031a8       0x10 ./libopencm3/lib/libopencm3_stm32f1.a(iwdg_common_all.o)
                0x00000000080031a8                iwdg_reset
 .text.timer_enable_irq
                0x00000000080031b8        0x8 ./libopencm3/lib/libopencm3_stm32f1.a(timer_common_all.o)
                0x00000000080031b8                timer_enable_irq
 .text.timer_disable_irq
                0x00000000080031c0        0xa ./libopencm3/lib/libopencm3_stm32f1.a(timer_common_all.o)
                0x00000000080031c0                timer_disable_irq
 .text.timer_get_flag
                0x00000000080031ca        0xc ./libopencm3/lib/libopencm3_stm32f1.a(timer_common_all.o)
                0x00000000080031ca                timer_get_flag
 .text.timer_clear_flag
                0x00000000080031d6        0x6 ./libopencm3/lib/libopencm3_stm32f1.a(timer_common_all.o)
                0x00000000080031d6                timer_clear_flag
 .text.timer_set_mode
                0x00000000080031dc       0x12 ./libopencm3/lib/libopencm3_stm32f1.a(timer_common_all.o)
                0x00000000080031dc                timer_set_mode
 .text.timer_enable_preload
                0x00000000080031ee        0xa ./libopencm3/lib/libopencm3_stm32f1.a(timer_common_all.o)
                0x00000000080031ee                timer_enable_preload
 .text.timer_set_prescaler
                0x00000000080031f8        0x4 ./libopencm3/lib/libopencm3_stm32f1.a(timer_common_all.o)
                0x00000000080031f8                timer_set_prescaler
 .text.timer_set_period
                0x00000000080031fc        0x4 ./libopencm3/lib/libopencm3_stm32f1.a(timer_common_all.o)
                0x00000000080031fc                timer_set_period
 .text.usart_set_baudrate
                0x0000000008003200       0x28 ./libopencm3/lib/libopencm3_stm32f1.a(usart_common_all.o)
                0x0000000008003200                usart_set_baudrate
 .text.usart_set_databits
                0x0000000008003228       0x12 ./libopencm3/lib/libopencm3_stm32f1.a(usart_common_all.o)
                0x0000000008003228                usart_set_databits
 .text.usart_set_stopbits
                0x000000000800323a        0xc ./libopencm3/lib/libopencm3_stm32f1.a(usart_common_all.o)
                0x000000000800323a                usart_set_stopbits
 .text.usart_set_parity
                0x0000000008003246        0xc ./libopencm3/lib/libopencm3_stm32f1.a(usart_common_all.o)
                0x0000000008003246                usart_set_parity
 .text.usart_set_mode
                0x0000000008003252        0xc ./libopencm3/lib/libopencm3_stm32f1.a(usart_common_all.o)
                0x0000000008003252                usart_set_mode
 .text.usart_set_flow_control
                0x000000000800325e        0xc ./libopencm3/lib/libopencm3_stm32f1.a(usart_common_all.o)
                0x000000000800325e                usart_set_flow_control
 .text.usart_enable
                0x000000000800326a        0xa ./libopencm3/lib/libopencm3_stm32f1.a(usart_common_all.o)
                0x000000000800326a                usart_enable
 .text.usart_send
                0x0000000008003274        0x8 ./libopencm3/lib/libopencm3_stm32f1.a(usart_common_f124.o)
                0x0000000008003274                usart_send
 .text.usart_recv
                0x000000000800327c        0x8 ./libopencm3/lib/libopencm3_stm32f1.a(usart_common_f124.o)
                0x000000000800327c                usart_recv
 .text.rcc_periph_clock_enable
                0x0000000008003284       0x1c ./libopencm3/lib/libopencm3_stm32f1.a(rcc_common_all.o)
                0x0000000008003284                rcc_periph_clock_enable
 .text.rcc_periph_reset_pulse
                0x00000000080032a0       0x24 ./libopencm3/lib/libopencm3_stm32f1.a(rcc_common_all.o)
                0x00000000080032a0                rcc_periph_reset_pulse
 .text.exti_set_trigger
                0x00000000080032c4       0x48 ./libopencm3/lib/libopencm3_stm32f1.a(exti_common_all.o)
                0x00000000080032c4                exti_set_trigger
 .text.exti_enable_request
                0x000000000800330c       0x1c ./libopencm3/lib/libopencm3_stm32f1.a(exti_common_all.o)
                0x000000000800330c                exti_enable_request
 .text.exti_disable_request
                0x0000000008003328       0x20 ./libopencm3/lib/libopencm3_stm32f1.a(exti_common_all.o)
                0x0000000008003328                exti_disable_request
 .text.exti_reset_request
                0x0000000008003348        0xc ./libopencm3/lib/libopencm3_stm32f1.a(exti_common_all.o)
                0x0000000008003348                exti_reset_request
 .text.exti_select_source
                0x0000000008003354       0xa0 ./libopencm3/lib/libopencm3_stm32f1.a(exti_common_all.o)
                0x0000000008003354                exti_select_source
 .text.flash_set_ws
                0x00000000080033f4       0x14 ./libopencm3/lib/libopencm3_stm32f1.a(flash_common_f01.o)
                0x00000000080033f4                flash_set_ws
 .text.flash_unlock
                0x0000000008003408       0x20 ./libopencm3/lib/libopencm3_stm32f1.a(flash_common_f01.o)
                0x0000000008003408                flash_unlock
 .text.flash_lock
                0x0000000008003428       0x10 ./libopencm3/lib/libopencm3_stm32f1.a(flash_common_f01.o)
                0x0000000008003428                flash_lock
 .text.flash_wait_for_last_operation
                0x0000000008003438        0xc ./libopencm3/lib/libopencm3_stm32f1.a(flash_common_f01.o)
                0x0000000008003438                flash_wait_for_last_operation
 .text.flash_program_word
                0x0000000008003444       0x18 ./libopencm3/lib/libopencm3_stm32f1.a(flash_common_f01.o)
                0x0000000008003444                flash_program_word
 .text.blocking_handler
                0x000000000800345c        0x2 ./libopencm3/lib/libopencm3_stm32f1.a(vector.o)
                0x000000000800345c                usart3_isr
                0x000000000800345c                rtc_isr
                0x000000000800345c                tim7_isr
                0x000000000800345c                adc1_2_isr
                0x000000000800345c                tim1_trg_com_isr
                0x000000000800345c                usb_hp_can_tx_isr
                0x000000000800345c                tim6_isr
                0x000000000800345c                usb_wakeup_isr
                0x000000000800345c                blocking_handler
                0x000000000800345c                tim5_isr
                0x000000000800345c                otg_fs_isr
                0x000000000800345c                spi1_isr
                0x000000000800345c                exti2_isr
                0x000000000800345c                dma1_channel6_isr
                0x000000000800345c                can_rx1_isr
                0x000000000800345c                dma1_channel5_isr
                0x000000000800345c                dma2_channel5_isr
                0x000000000800345c                usart1_isr
                0x000000000800345c                usage_fault_handler
                0x000000000800345c                tim8_trg_com_isr
                0x000000000800345c                can2_rx0_isr
                0x000000000800345c                tim1_brk_isr
                0x000000000800345c                can2_rx1_isr
                0x000000000800345c                tim1_cc_isr
                0x000000000800345c                sdio_isr
                0x000000000800345c                eth_isr
                0x000000000800345c                dma1_channel4_isr
                0x000000000800345c                tim8_brk_isr
                0x000000000800345c                dma2_channel4_5_isr
                0x000000000800345c                pvd_isr
                0x000000000800345c                rcc_isr
                0x000000000800345c                flash_isr
                0x000000000800345c                uart4_isr
                0x000000000800345c                rtc_alarm_isr
                0x000000000800345c                exti1_isr
                0x000000000800345c                i2c1_ev_isr
                0x000000000800345c                dma2_channel1_isr
                0x000000000800345c                spi2_isr
                0x000000000800345c                tim8_up_isr
                0x000000000800345c                dma2_channel2_isr
                0x000000000800345c                exti3_isr
                0x000000000800345c                adc3_isr
                0x000000000800345c                tim3_isr
                0x000000000800345c                usb_lp_can_rx0_isr
                0x000000000800345c                i2c2_er_isr
                0x000000000800345c                i2c2_ev_isr
                0x000000000800345c                uart5_isr
                0x000000000800345c                fsmc_isr
                0x000000000800345c                dma1_channel1_isr
                0x000000000800345c                mem_manage_handler
                0x000000000800345c                can2_tx_isr
                0x000000000800345c                dma2_channel3_isr
                0x000000000800345c                dma1_channel7_isr
                0x000000000800345c                tim1_up_isr
                0x000000000800345c                can2_sce_isr
                0x000000000800345c                tim4_isr
                0x000000000800345c                dma1_channel2_isr
                0x000000000800345c                i2c1_er_isr
                0x000000000800345c                can_sce_isr
                0x000000000800345c                tim8_cc_isr
                0x000000000800345c                tamper_isr
                0x000000000800345c                eth_wkup_isr
                0x000000000800345c                bus_fault_handler
                0x000000000800345c                wwdg_isr
                0x000000000800345c                dma1_channel3_isr
                0x000000000800345c                spi3_isr
                0x000000000800345c                exti0_isr
 .text.null_handler
                0x000000000800345e        0x2 ./libopencm3/lib/libopencm3_stm32f1.a(vector.o)
                0x000000000800345e                null_handler
                0x000000000800345e                sv_call_handler
                0x000000000800345e                pend_sv_handler
                0x000000000800345e                debug_monitor_handler
                0x000000000800345e                nmi_handler
 .text.reset_handler
                0x0000000008003460       0x90 ./libopencm3/lib/libopencm3_stm32f1.a(vector.o)
                0x0000000008003460                reset_handler
 .text.systick_set_reload
                0x00000000080034f0        0xc ./libopencm3/lib/libopencm3_stm32f1.a(systick.o)
                0x00000000080034f0                systick_set_reload
 .text.systick_set_clocksource
                0x00000000080034fc       0x14 ./libopencm3/lib/libopencm3_stm32f1.a(systick.o)
                0x00000000080034fc                systick_set_clocksource
 .text.systick_interrupt_enable
                0x0000000008003510        0xe ./libopencm3/lib/libopencm3_stm32f1.a(systick.o)
                0x0000000008003510                systick_interrupt_enable
 .text.systick_interrupt_disable
                0x000000000800351e        0xe ./libopencm3/lib/libopencm3_stm32f1.a(systick.o)
                0x000000000800351e                systick_interrupt_disable
 .text.systick_counter_enable
                0x000000000800352c        0xe ./libopencm3/lib/libopencm3_stm32f1.a(systick.o)
                0x000000000800352c                systick_counter_enable
 .text.nvic_enable_irq
                0x000000000800353a       0x1a ./libopencm3/lib/libopencm3_stm32f1.a(nvic.o)
                0x000000000800353a                nvic_enable_irq
 .text.nvic_set_priority
                0x0000000008003554       0x20 ./libopencm3/lib/libopencm3_stm32f1.a(nvic.o)
                0x0000000008003554                nvic_set_priority
 .text          0x0000000008003574       0x20 /opt/gcc-arm/bin/../lib/gcc/arm-none-eabi/10.2.1/thumb/v7-m/nofp/libgcc.a(_paritysi2.o)
                0x0000000008003574                __paritysi2
 .text          0x0000000008003594      0x9e4 /opt/gcc-arm/bin/../lib/gcc/arm-none-eabi/10.2.1/thumb/v7-m/nofp/libgcc.a(unwind-arm.o)
                0x0000000008003854                _Unwind_GetCFA
                0x0000000008003858                __gnu_Unwind_RaiseException
                0x00000000080038c0                __gnu_Unwind_ForcedUnwind
                0x00000000080038d4                __gnu_Unwind_Resume
                0x0000000008003918                __gnu_Unwind_Resume_or_Rethrow
                0x000000000800392c                _Unwind_Complete
                0x0000000008003930                _Unwind_DeleteException
                0x000000000800393c                _Unwind_VRS_Get
                0x0000000008003988                _Unwind_VRS_Set
                0x00000000080039d0                __gnu_Unwind_Backtrace
                0x0000000008003cf8                __aeabi_unwind_cpp_pr0
                0x0000000008003cfc                __aeabi_unwind_cpp_pr1
                0x0000000008003d00                __aeabi_unwind_cpp_pr2
                0x0000000008003d04                _Unwind_VRS_Pop
 .text          0x0000000008003f78      0x1ac /opt/gcc-arm/bin/../lib/gcc/arm-none-eabi/10.2.1/thumb/v7-m/nofp/libgcc.a(libunwind.o)
                0x0000000008003f78                __restore_core_regs
                0x0000000008003f78                restore_core_regs
                0x0000000008003f90                __gnu_Unwind_Restore_VFP
                0x0000000008003f98                __gnu_Unwind_Save_VFP
                0x0000000008003fa0                __gnu_Unwind_Restore_VFP_D
                0x0000000008003fa8                __gnu_Unwind_Save_VFP_D
                0x0000000008003fb0                __gnu_Unwind_Restore_VFP_D_16_to_31
                0x0000000008003fb8                __gnu_Unwind_Save_VFP_D_16_to_31
                0x0000000008003fc0                __gnu_Unwind_Restore_WMMXD
                0x0000000008004004                __gnu_Unwind_Save_WMMXD
                0x0000000008004048                __gnu_Unwind_Restore_WMMXC
                0x000000000800405c                __gnu_Unwind_Save_WMMXC
                0x0000000008004070                ___Unwind_RaiseException
                0x0000000008004070                _Unwind_RaiseException
                0x0000000008004094                ___Unwind_Resume
                0x0000000008004094                _Unwind_Resume
                0x00000000080040b8                _Unwind_Resume_or_Rethrow
                0x00000000080040b8                ___Unwind_Resume_or_Rethrow
                0x00000000080040dc                ___Unwind_ForcedUnwind
                0x00000000080040dc                _Unwind_ForcedUnwind
                0x0000000008004100                _Unwind_Backtrace
                0x0000000008004100                ___Unwind_Backtrace
 .text          0x0000000008004124      0x38c /opt/gcc-arm/bin/../lib/gcc/arm-none-eabi/10.2.1/thumb/v7-m/nofp/libgcc.a(pr-support.o)
                0x000000000800417c                __gnu_unwind_execute
                0x0000000008004460                __gnu_unwind_frame
                0x0000000008004490                _Unwind_GetRegionStart
                0x000000000800449c                _Unwind_GetLanguageSpecificData
 .text.abort    0x00000000080044b0       0x10 /opt/gcc-arm/bin/../lib/gcc/arm-none-eabi/10.2.1/../../../../arm-none-eabi/lib/thumb/v7-m/nofp/libc.a(lib_a-abort.o)
                0x00000000080044b0                abort
 .text          0x00000000080044c0       0xec /opt/gcc-arm/bin/../lib/gcc/arm-none-eabi/10.2.1/../../../../arm-none-eabi/lib/thumb/v7-m/nofp/libc.a(lib_a-memcpy.o)
                0x00000000080044c0                memcpy
 .text.raise    0x00000000080045ac       0x5c /opt/gcc-arm/bin/../lib/gcc/arm-none-eabi/10.2.1/../../../../arm-none-eabi/lib/thumb/v7-m/nofp/libc.a(lib_a-signal.o)
                0x00000000080045ac                raise
 .text._kill_r  0x0000000008004608       0x28 /opt/gcc-arm/bin/../lib/gcc/arm-none-eabi/10.2.1/../../../../arm-none-eabi/lib/thumb/v7-m/nofp/libc.a(lib_a-signalr.o)
                0x0000000008004608                _kill_r
 .text._getpid_r
                0x0000000008004630        0x4 /opt/gcc-arm/bin/../lib/gcc/arm-none-eabi/10.2.1/../../../../arm-none-eabi/lib/thumb/v7-m/nofp/libc.a(lib_a-signalr.o)
                0x0000000008004630                _getpid_r
 .text._getpid  0x0000000008004634       0x10 /opt/gcc-arm/bin/../lib/gcc/arm-none-eabi/10.2.1/../../../../arm-none-eabi/lib/thumb/v7-m/nofp/libnosys.a(getpid.o)
                0x0000000008004634                _getpid
 .text._kill    0x0000000008004644       0x10 /opt/gcc-arm/bin/../lib/gcc/arm-none-eabi/10.2.1/../../../../arm-none-eabi/lib/thumb/v7-m/nofp/libnosys.a(kill.o)
                0x0000000008004644                _kill
 .text._exit    0x0000000008004654        0x4 /opt/gcc-arm/bin/../lib/gcc/arm-none-eabi/10.2.1/../../../../arm-none-eabi/lib/thumb/v7-m/nofp/libnosys.a(_exit.o)
                0x0000000008004654                _exit
                0x0000000008004658                . = ALIGN (0x4)
 *(.rodata*)
 .rodata._ZN6msxmap19msx_interface_setupEv.str1.4
                0x0000000008004658       0x34 msxmap.o
 .rodata.ps2_clock_send.str1.4
                0x000000000800468c       0x12 ps2handl.o
 *fill*         0x000000000800469e        0x2 
 .rodata.ps2_keyb_detect.str1.4
                0x00000000080046a0       0xce ps2handl.o
                                         0xd2 (size before relaxing)
 *fill*         0x000000000800476e        0x2 
 .rodata.check_page_erased.str1.4
                0x0000000008004770       0x5a dbasemgt.o
 *fill*         0x00000000080047ca        0x2 
 .rodata.check_flash_error.str1.4
                0x00000000080047cc       0x7c dbasemgt.o
 .rodata.database_setup.str1.4
                0x0000000008004848      0x1ac dbasemgt.o
                                        0x1c0 (size before relaxing)
 .rodata.usart_get_intel_hex.str1.4
                0x00000000080049f4       0x10 dbasemgt.o
 .rodata.get_valid_intelhex_file.str1.4
                0x0000000008004a04       0x7c dbasemgt.o
 .rodata.flash_program_data.str1.4
                0x0000000008004a80      0x1f8 dbasemgt.o
 .rodata.flash_rw.str1.4
                0x0000000008004c78       0x78 dbasemgt.o
 .rodata        0x0000000008004cf0       0x28 serial.o
 .rodata.main.str1.4
                0x0000000008004d18       0xc2 ps2-msx.o
 *fill*         0x0000000008004dda        0x2 
 .rodata.hard_fault_handler.str1.4
                0x0000000008004ddc        0xc ps2-msx.o
                0x0000000008004de8                . = ALIGN (0x4)

.glue_7         0x0000000008004de8        0x0
 .glue_7        0x0000000008004de8        0x0 linker stubs

.glue_7t        0x0000000008004de8        0x0
 .glue_7t       0x0000000008004de8        0x0 linker stubs

.vfp11_veneer   0x0000000008004de8        0x0
 .vfp11_veneer  0x0000000008004de8        0x0 linker stubs

.v4_bx          0x0000000008004de8        0x0
 .v4_bx         0x0000000008004de8        0x0 linker stubs

.iplt           0x0000000008004de8        0x0
 .iplt          0x0000000008004de8        0x0 msxmap.o

.preinit_array  0x0000000008004de8        0x0
                0x0000000008004de8                . = ALIGN (0x4)
                0x0000000008004de8                __preinit_array_start = .
 *(.preinit_array)
                0x0000000008004de8                __preinit_array_end = .

.init_array     0x0000000008004de8        0x0
                0x0000000008004de8                . = ALIGN (0x4)
                0x0000000008004de8                __init_array_start = .
 *(SORT_BY_NAME(.init_array.*))
 *(.init_array)
                0x0000000008004de8                __init_array_end = .

.fini_array     0x0000000008004de8        0x0
                0x0000000008004de8                . = ALIGN (0x4)
                0x0000000008004de8                __fini_array_start = .
 *(.fini_array)
 *(SORT_BY_NAME(.fini_array.*))
                0x0000000008004de8                __fini_array_end = .

.ARM.extab      0x0000000008004de8       0x30
 *(.ARM.extab*)
 .ARM.extab.text._Z13systick_setupv
                0x0000000008004de8        0xc sys_timer.o
 .ARM.extab.text.hard_fault_handler
                0x0000000008004df4        0xc ps2-msx.o
 .ARM.extab     0x0000000008004e00       0x18 /opt/gcc-arm/bin/../lib/gcc/arm-none-eabi/10.2.1/thumb/v7-m/nofp/libgcc.a(pr-support.o)

.ARM.exidx      0x0000000008004e18      0x120
                0x0000000008004e18                __exidx_start = .
 *(.ARM.exidx*)
 .ARM.exidx.text._ZN6msxmap19msx_interface_setupEv
                0x0000000008004e18        0x8 msxmap.o
 .ARM.exidx.text._ZN6msxmap36available_msx_disp_keys_queue_bufferEv
                0x0000000008004e20        0x8 msxmap.o
 .ARM.exidx.text._ZN6msxmap30get_msx_disp_keys_queue_bufferEv
                0x0000000008004e28        0x0 msxmap.o
                                          0x8 (size before relaxing)
 .ARM.exidx.text._ZN6msxmap30put_msx_disp_keys_queue_bufferEh
                0x0000000008004e28        0x0 msxmap.o
                                          0x8 (size before relaxing)
 .ARM.exidx.text._ZN6msxmap40compute_x_bits_and_check_interrupt_stuckEhhb
                0x0000000008004e28        0x8 msxmap.o
 .ARM.exidx.text._ZN6msxmap12msxqueuekeysEv
                0x0000000008004e30        0x8 msxmap.o
 .ARM.exidx.text._ZN6msxmap12msx_dispatchEtb
                0x0000000008004e38        0x8 msxmap.o
 .ARM.exidx.text._ZN6msxmap11convert2msxEv
                0x0000000008004e40        0x8 msxmap.o
 .ARM.exidx.text.exti9_5_isr
                0x0000000008004e48        0x8 msxmap.o
 .ARM.exidx.text.exti15_10_isr
                0x0000000008004e50        0x0 msxmap.o
                                          0x8 (size before relaxing)
 .ARM.exidx.text.exti4_isr
                0x0000000008004e50        0x8 msxmap.o
 .ARM.exidx.text._Z13systick_setupv
                0x0000000008004e58        0x8 sys_timer.o
 .ARM.exidx.text.sys_tick_handler
                0x0000000008004e60       0x10 sys_timer.o
                                          0x8 (size before relaxing)
 .ARM.exidx.text.main
                0x0000000008004e70        0x8 ps2-msx.o
 .ARM.exidx.text.hard_fault_handler
                0x0000000008004e78       0x10 ps2-msx.o
                                          0x8 (size before relaxing)
 .ARM.exidx     0x0000000008004e88       0x78 /opt/gcc-arm/bin/../lib/gcc/arm-none-eabi/10.2.1/thumb/v7-m/nofp/libgcc.a(unwind-arm.o)
                                         0xd8 (size before relaxing)
 .ARM.exidx     0x0000000008004f00       0x38 /opt/gcc-arm/bin/../lib/gcc/arm-none-eabi/10.2.1/thumb/v7-m/nofp/libgcc.a(pr-support.o)
                0x0000000008004f38                __exidx_end = .

.rel.dyn        0x0000000008004f38        0x0
 .rel.iplt      0x0000000008004f38        0x0 msxmap.o
                0x0000000008004f38                . = ALIGN (0x4)
                0x0000000008004f38                _etext = .

.data           0x0000000020000000      0x488 load address 0x0000000008004f38
                0x0000000020000000                _data = .
 *(.data*)
 .data.UNUSED_DATABASE
                0x0000000020000000        0xa msxmap.o
                0x0000000020000000                UNUSED_DATABASE
 *fill*         0x000000002000000a        0x2 
 .data.x_bits   0x000000002000000c       0x40 msxmap.o
                0x000000002000000c                x_bits
 .data.enable_xon_xoff
                0x000000002000004c        0x1 serial.o
                0x000000002000004c                enable_xon_xoff
 .data.xon_condition
                0x000000002000004d        0x1 serial.o
                0x000000002000004d                xon_condition
 *fill*         0x000000002000004e        0x2 
 .data.rcc_ahb_frequency
                0x0000000020000050        0x4 ./libopencm3/lib/libopencm3_stm32f1.a(rcc.o)
                0x0000000020000050                rcc_ahb_frequency
 .data.rcc_apb1_frequency
                0x0000000020000054        0x4 ./libopencm3/lib/libopencm3_stm32f1.a(rcc.o)
                0x0000000020000054                rcc_apb1_frequency
 .data.rcc_apb2_frequency
                0x0000000020000058        0x4 ./libopencm3/lib/libopencm3_stm32f1.a(rcc.o)
                0x0000000020000058                rcc_apb2_frequency
 .data._impure_ptr
                0x000000002000005c        0x4 /opt/gcc-arm/bin/../lib/gcc/arm-none-eabi/10.2.1/../../../../arm-none-eabi/lib/thumb/v7-m/nofp/libc.a(lib_a-impure.o)
                0x000000002000005c                _impure_ptr
 .data.impure_data
                0x0000000020000060      0x428 /opt/gcc-arm/bin/../lib/gcc/arm-none-eabi/10.2.1/../../../../arm-none-eabi/lib/thumb/v7-m/nofp/libc.a(lib_a-impure.o)
                0x0000000020000488                . = ALIGN (0x4)
                0x0000000020000488                _edata = .
                0x0000000008004f38                _data_loadaddr = LOADADDR (.data)

.igot.plt       0x0000000020000488        0x0 load address 0x00000000080053c0
 .igot.plt      0x0000000020000488        0x0 msxmap.o

.bss            0x0000000020000488     0x1594 load address 0x00000000080053c0
 *(.bss*)
 .bss.CtrlAltDel
                0x0000000020000488        0x1 msxmap.o
                0x0000000020000488                CtrlAltDel
 *fill*         0x0000000020000489        0x3 
 .bss._ZL23msx_dispatch_keys_queue
                0x000000002000048c       0x10 msxmap.o
 .bss._ZZN6msxmap11convert2msxEvE10shiftstate
                0x000000002000049c        0x1 msxmap.o
 *fill*         0x000000002000049d        0x3 
 .bss.base_of_database
                0x00000000200004a0        0x4 msxmap.o
                0x00000000200004a0                base_of_database
 .bss.formerscancode
                0x00000000200004a4        0x4 msxmap.o
                0x00000000200004a4                formerscancode
 .bss.msx_Y_scan
                0x00000000200004a8        0x2 msxmap.o
                0x00000000200004a8                msx_Y_scan
 .bss.msx_dispatch_kq_get
                0x00000000200004aa        0x1 msxmap.o
                0x00000000200004aa                msx_dispatch_kq_get
 .bss.msx_dispatch_kq_put
                0x00000000200004ab        0x1 msxmap.o
                0x00000000200004ab                msx_dispatch_kq_put
 .bss.previous_y_systick
                0x00000000200004ac       0x40 msxmap.o
                0x00000000200004ac                previous_y_systick
 .bss.scancode  0x00000000200004ec        0x4 msxmap.o
                0x00000000200004ec                scancode
 .bss.update_ps2_leds
                0x00000000200004f0        0x1 msxmap.o
                0x00000000200004f0                update_ps2_leds
 .bss.y_dummy   0x00000000200004f1        0x1 msxmap.o
                0x00000000200004f1                y_dummy
 .bss.argument  0x00000000200004f2        0x1 ps2handl.o
                0x00000000200004f2                argument
 .bss.command   0x00000000200004f3        0x1 ps2handl.o
                0x00000000200004f3                command
 .bss.command_ok
                0x00000000200004f4        0x1 ps2handl.o
                0x00000000200004f4                command_ok
 .bss.data_word.2
                0x00000000200004f5        0x1 ps2handl.o
 .bss.formerps2datapin
                0x00000000200004f6        0x1 ps2handl.o
                0x00000000200004f6                formerps2datapin
 .bss.mount_scancode_OK
                0x00000000200004f7        0x1 ps2handl.o
                0x00000000200004f7                mount_scancode_OK
 .bss.mount_scancode_count_status
                0x00000000200004f8        0x1 ps2handl.o
                0x00000000200004f8                mount_scancode_count_status
 .bss.parity_bit.0
                0x00000000200004f9        0x1 ps2handl.o
 *fill*         0x00000000200004fa        0x2 
 .bss.prev_systicks
                0x00000000200004fc        0x4 ps2handl.o
                0x00000000200004fc                prev_systicks
 .bss.ps2_byte_received
                0x0000000020000500        0x1 ps2handl.o
                0x0000000020000500                ps2_byte_received
 .bss.ps2_keyb_detected
                0x0000000020000501        0x1 ps2handl.o
                0x0000000020000501                ps2_keyb_detected
 .bss.ps2_keystr_e0
                0x0000000020000502        0x1 ps2handl.o
                0x0000000020000502                ps2_keystr_e0
 .bss.ps2_keystr_e1
                0x0000000020000503        0x1 ps2handl.o
                0x0000000020000503                ps2_keystr_e1
 .bss.ps2_keystr_f0
                0x0000000020000504        0x1 ps2handl.o
                0x0000000020000504                ps2_keystr_f0
 .bss.ps2_recv_buff_get
                0x0000000020000505        0x1 ps2handl.o
                0x0000000020000505                ps2_recv_buff_get
 .bss.ps2_recv_buff_put
                0x0000000020000506        0x1 ps2handl.o
                0x0000000020000506                ps2_recv_buff_put
 *fill*         0x0000000020000507        0x1 
 .bss.ps2_recv_buffer
                0x0000000020000508       0x40 ps2handl.o
                0x0000000020000508                ps2_recv_buffer
 .bss.ps2int_RX_bit_idx
                0x0000000020000548        0x1 ps2handl.o
                0x0000000020000548                ps2int_RX_bit_idx
 .bss.ps2int_TX_bit_idx
                0x0000000020000549        0x1 ps2handl.o
                0x0000000020000549                ps2int_TX_bit_idx
 .bss.ps2int_state
                0x000000002000054a        0x2 ps2handl.o
                0x000000002000054a                ps2int_state
 .bss.ps2numlockstate
                0x000000002000054c        0x1 ps2handl.o
                0x000000002000054c                ps2numlockstate
 .bss.stop_bit.1
                0x000000002000054d        0x1 ps2handl.o
 .bss._ZZ16sys_tick_handlerE11caps_former
                0x000000002000054e        0x1 sys_timer.o
 .bss._ZZ16sys_tick_handlerE11kana_former
                0x000000002000054f        0x1 sys_timer.o
 .bss.fail_count
                0x0000000020000550        0x2 sys_timer.o
                0x0000000020000550                fail_count
 .bss.last_ps2_fails
                0x0000000020000552        0x2 sys_timer.o
                0x0000000020000552                last_ps2_fails
 .bss.systicks  0x0000000020000554        0x4 sys_timer.o
                0x0000000020000554                systicks
 .bss.ticks     0x0000000020000558        0x4 sys_timer.o
                0x0000000020000558                ticks
 .bss.ticks_keys
                0x000000002000055c        0x1 sys_timer.o
                0x000000002000055c                ticks_keys
 .bss.abort_intelhex_reception
                0x000000002000055d        0x1 dbasemgt.o
                0x000000002000055d                abort_intelhex_reception
 .bss.compatible_database
                0x000000002000055e        0x1 dbasemgt.o
                0x000000002000055e                compatible_database
 .bss.error_intel_hex
                0x000000002000055f        0x1 dbasemgt.o
                0x000000002000055f                error_intel_hex
 .bss.flash_buffer_ram
                0x0000000020000560      0xc80 dbasemgt.o
                0x0000000020000560                flash_buffer_ram
 .bss.flash_locked
                0x00000000200011e0        0x1 dbasemgt.o
                0x00000000200011e0                flash_locked
 *fill*         0x00000000200011e1        0x3 
 .bss.rx_ring   0x00000000200011e4        0x8 serial.o
                0x00000000200011e4                rx_ring
 .bss.rx_ring_buffer
                0x00000000200011ec      0x400 serial.o
                0x00000000200011ec                rx_ring_buffer
 .bss.tx_ring   0x00000000200015ec        0x8 serial.o
                0x00000000200015ec                tx_ring
 .bss.tx_ring_buffer
                0x00000000200015f4      0x400 serial.o
                0x00000000200015f4                tx_ring_buffer
 .bss.xoff_condition
                0x00000000200019f4        0x1 serial.o
                0x00000000200019f4                xoff_condition
 .bss.xonoff_sendnow
                0x00000000200019f5        0x1 serial.o
                0x00000000200019f5                xonoff_sendnow
 *fill*         0x00000000200019f6        0x2 
 .bss.TIM2_Update_Cnt
                0x00000000200019f8        0x8 hr_timer.o
                0x00000000200019f8                TIM2_Update_Cnt
 .bss.acctimeps2data0
                0x0000000020001a00        0x8 hr_timer.o
                0x0000000020001a00                acctimeps2data0
 .bss.state_overflow_tim2
                0x0000000020001a08        0x2 hr_timer.o
                0x0000000020001a08                state_overflow_tim2
 *fill*         0x0000000020001a0a        0x6 
 .bss.time_between_ps2clk
                0x0000000020001a10        0x8 hr_timer.o
                0x0000000020001a10                time_between_ps2clk
 .bss.errno     0x0000000020001a18        0x4 /opt/gcc-arm/bin/../lib/gcc/arm-none-eabi/10.2.1/../../../../arm-none-eabi/lib/thumb/v7-m/nofp/libc.a(lib_a-reent.o)
                0x0000000020001a18                errno
 *(COMMON)
                0x0000000020001a1c                . = ALIGN (0x4)
                0x0000000020001a1c                _ebss = .

/DISCARD/
 *(.eh_frame)
                0x0000000020001a1c                . = ALIGN (0x4)
                0x0000000020001a1c                end = .
                0x0000000020002800                PROVIDE (_stack = (ORIGIN (ram) + LENGTH (ram)))
OUTPUT(ps2-msx.elf elf32-littlearm)
LOAD linker stubs

.debug_info     0x0000000000000000     0x9c3e
 .debug_info    0x0000000000000000      0xf7a msxmap.o
 .debug_info    0x0000000000000f7a      0xdf5 ps2handl.o
 .debug_info    0x0000000000001d6f      0x4a8 sys_timer.o
 .debug_info    0x0000000000002217     0x176a dbasemgt.o
 .debug_info    0x0000000000003981      0xbc3 serial.o
 .debug_info    0x0000000000004544      0x803 hr_timer.o
 .debug_info    0x0000000000004d47      0x907 ps2-msx.o
 .debug_info    0x000000000000564e      0x33d ./libopencm3/lib/libopencm3_stm32f1.a(flash.o)
 .debug_info    0x000000000000598b      0x210 ./libopencm3/lib/libopencm3_stm32f1.a(gpio.o)
 .debug_info    0x0000000000005b9b     0x1140 ./libopencm3/lib/libopencm3_stm32f1.a(rcc.o)
 .debug_info    0x0000000000006cdb      0x266 ./libopencm3/lib/libopencm3_stm32f1.a(gpio_common_all.o)
 .debug_info    0x0000000000006f41      0x17a ./libopencm3/lib/libopencm3_stm32f1.a(iwdg_common_all.o)
 .debug_info    0x00000000000070bb     0x12ae ./libopencm3/lib/libopencm3_stm32f1.a(timer_common_all.o)
 .debug_info    0x0000000000008369      0x50c ./libopencm3/lib/libopencm3_stm32f1.a(usart_common_all.o)
 .debug_info    0x0000000000008875      0x1ef ./libopencm3/lib/libopencm3_stm32f1.a(usart_common_f124.o)
 .debug_info    0x0000000000008a64      0x554 ./libopencm3/lib/libopencm3_stm32f1.a(rcc_common_all.o)
 .debug_info    0x0000000000008fb8      0x241 ./libopencm3/lib/libopencm3_stm32f1.a(exti_common_all.o)
 .debug_info    0x00000000000091f9      0x29f ./libopencm3/lib/libopencm3_stm32f1.a(flash_common_f01.o)
 .debug_info    0x0000000000009498      0x2d5 ./libopencm3/lib/libopencm3_stm32f1.a(vector.o)
 .debug_info    0x000000000000976d      0x280 ./libopencm3/lib/libopencm3_stm32f1.a(systick.o)
 .debug_info    0x00000000000099ed      0x251 ./libopencm3/lib/libopencm3_stm32f1.a(nvic.o)

.debug_abbrev   0x0000000000000000     0x1e28
 .debug_abbrev  0x0000000000000000      0x271 msxmap.o
 .debug_abbrev  0x0000000000000271      0x243 ps2handl.o
 .debug_abbrev  0x00000000000004b4      0x194 sys_timer.o
 .debug_abbrev  0x0000000000000648      0x1ef dbasemgt.o
 .debug_abbrev  0x0000000000000837      0x278 serial.o
 .debug_abbrev  0x0000000000000aaf      0x139 hr_timer.o
 .debug_abbrev  0x0000000000000be8      0x1ac ps2-msx.o
 .debug_abbrev  0x0000000000000d94      0x14f ./libopencm3/lib/libopencm3_stm32f1.a(flash.o)
 .debug_abbrev  0x0000000000000ee3       0xd0 ./libopencm3/lib/libopencm3_stm32f1.a(gpio.o)
 .debug_abbrev  0x0000000000000fb3      0x264 ./libopencm3/lib/libopencm3_stm32f1.a(rcc.o)
 .debug_abbrev  0x0000000000001217      0x116 ./libopencm3/lib/libopencm3_stm32f1.a(gpio_common_all.o)
 .debug_abbrev  0x000000000000132d       0xfa ./libopencm3/lib/libopencm3_stm32f1.a(iwdg_common_all.o)
 .debug_abbrev  0x0000000000001427      0x1ae ./libopencm3/lib/libopencm3_stm32f1.a(timer_common_all.o)
 .debug_abbrev  0x00000000000015d5      0x129 ./libopencm3/lib/libopencm3_stm32f1.a(usart_common_all.o)
 .debug_abbrev  0x00000000000016fe       0xc9 ./libopencm3/lib/libopencm3_stm32f1.a(usart_common_f124.o)
 .debug_abbrev  0x00000000000017c7      0x130 ./libopencm3/lib/libopencm3_stm32f1.a(rcc_common_all.o)
 .debug_abbrev  0x00000000000018f7      0x102 ./libopencm3/lib/libopencm3_stm32f1.a(exti_common_all.o)
 .debug_abbrev  0x00000000000019f9       0xdc ./libopencm3/lib/libopencm3_stm32f1.a(flash_common_f01.o)
 .debug_abbrev  0x0000000000001ad5      0x149 ./libopencm3/lib/libopencm3_stm32f1.a(vector.o)
 .debug_abbrev  0x0000000000001c1e      0x155 ./libopencm3/lib/libopencm3_stm32f1.a(systick.o)
 .debug_abbrev  0x0000000000001d73       0xb5 ./libopencm3/lib/libopencm3_stm32f1.a(nvic.o)

.debug_loc      0x0000000000000000     0x3a27
 .debug_loc     0x0000000000000000      0x6ea msxmap.o
 .debug_loc     0x00000000000006ea      0x3db ps2handl.o
 .debug_loc     0x0000000000000ac5       0x2a sys_timer.o
 .debug_loc     0x0000000000000aef     0x10ad dbasemgt.o
 .debug_loc     0x0000000000001b9c      0x7c2 serial.o
 .debug_loc     0x000000000000235e       0x70 hr_timer.o
 .debug_loc     0x00000000000023ce       0x15 ps2-msx.o
 .debug_loc     0x00000000000023e3       0x90 ./libopencm3/lib/libopencm3_stm32f1.a(flash.o)
 .debug_loc     0x0000000000002473      0x14c ./libopencm3/lib/libopencm3_stm32f1.a(gpio.o)
 .debug_loc     0x00000000000025bf      0x2f6 ./libopencm3/lib/libopencm3_stm32f1.a(rcc.o)
 .debug_loc     0x00000000000028b5       0xbe ./libopencm3/lib/libopencm3_stm32f1.a(gpio_common_all.o)
 .debug_loc     0x0000000000002973      0x2e5 ./libopencm3/lib/libopencm3_stm32f1.a(iwdg_common_all.o)
 .debug_loc     0x0000000000002c58      0x49c ./libopencm3/lib/libopencm3_stm32f1.a(timer_common_all.o)
 .debug_loc     0x00000000000030f4      0x172 ./libopencm3/lib/libopencm3_stm32f1.a(usart_common_all.o)
 .debug_loc     0x0000000000003266       0xea ./libopencm3/lib/libopencm3_stm32f1.a(usart_common_f124.o)
 .debug_loc     0x0000000000003350       0x6f ./libopencm3/lib/libopencm3_stm32f1.a(rcc_common_all.o)
 .debug_loc     0x00000000000033bf      0x197 ./libopencm3/lib/libopencm3_stm32f1.a(exti_common_all.o)
 .debug_loc     0x0000000000003556       0xca ./libopencm3/lib/libopencm3_stm32f1.a(flash_common_f01.o)
 .debug_loc     0x0000000000003620      0x128 ./libopencm3/lib/libopencm3_stm32f1.a(vector.o)
 .debug_loc     0x0000000000003748      0x192 ./libopencm3/lib/libopencm3_stm32f1.a(systick.o)
 .debug_loc     0x00000000000038da      0x14d ./libopencm3/lib/libopencm3_stm32f1.a(nvic.o)

.debug_aranges  0x0000000000000000      0xaf0
 .debug_aranges
                0x0000000000000000       0x70 msxmap.o
 .debug_aranges
                0x0000000000000070       0xa8 ps2handl.o
 .debug_aranges
                0x0000000000000118       0x28 sys_timer.o
 .debug_aranges
                0x0000000000000140       0x68 dbasemgt.o
 .debug_aranges
                0x00000000000001a8       0xb0 serial.o
 .debug_aranges
                0x0000000000000258       0x38 hr_timer.o
 .debug_aranges
                0x0000000000000290       0x28 ps2-msx.o
 .debug_aranges
                0x00000000000002b8       0x80 ./libopencm3/lib/libopencm3_stm32f1.a(flash.o)
 .debug_aranges
                0x0000000000000338       0x38 ./libopencm3/lib/libopencm3_stm32f1.a(gpio.o)
 .debug_aranges
                0x0000000000000370      0x160 ./libopencm3/lib/libopencm3_stm32f1.a(rcc.o)
 .debug_aranges
                0x00000000000004d0       0x50 ./libopencm3/lib/libopencm3_stm32f1.a(gpio_common_all.o)
 .debug_aranges
                0x0000000000000520       0x40 ./libopencm3/lib/libopencm3_stm32f1.a(iwdg_common_all.o)
 .debug_aranges
                0x0000000000000560      0x270 ./libopencm3/lib/libopencm3_stm32f1.a(timer_common_all.o)
 .debug_aranges
                0x00000000000007d0       0xb8 ./libopencm3/lib/libopencm3_stm32f1.a(usart_common_all.o)
 .debug_aranges
                0x0000000000000888       0x48 ./libopencm3/lib/libopencm3_stm32f1.a(usart_common_f124.o)
 .debug_aranges
                0x00000000000008d0       0x48 ./libopencm3/lib/libopencm3_stm32f1.a(rcc_common_all.o)
 .debug_aranges
                0x0000000000000918       0x48 ./libopencm3/lib/libopencm3_stm32f1.a(exti_common_all.o)
 .debug_aranges
                0x0000000000000960       0x88 ./libopencm3/lib/libopencm3_stm32f1.a(flash_common_f01.o)
 .debug_aranges
                0x00000000000009e8       0x30 ./libopencm3/lib/libopencm3_stm32f1.a(vector.o)
 .debug_aranges
                0x0000000000000a18       0x78 ./libopencm3/lib/libopencm3_stm32f1.a(systick.o)
 .debug_aranges
                0x0000000000000a90       0x60 ./libopencm3/lib/libopencm3_stm32f1.a(nvic.o)

.debug_ranges   0x0000000000000000      0xb88
 .debug_ranges  0x0000000000000000       0x60 msxmap.o
 .debug_ranges  0x0000000000000060       0xe0 ps2handl.o
 .debug_ranges  0x0000000000000140       0x30 sys_timer.o
 .debug_ranges  0x0000000000000170      0x108 dbasemgt.o
 .debug_ranges  0x0000000000000278       0xb8 serial.o
 .debug_ranges  0x0000000000000330       0x28 hr_timer.o
 .debug_ranges  0x0000000000000358       0x18 ps2-msx.o
 .debug_ranges  0x0000000000000370       0x70 ./libopencm3/lib/libopencm3_stm32f1.a(flash.o)
 .debug_ranges  0x00000000000003e0       0x28 ./libopencm3/lib/libopencm3_stm32f1.a(gpio.o)
 .debug_ranges  0x0000000000000408      0x1c8 ./libopencm3/lib/libopencm3_stm32f1.a(rcc.o)
 .debug_ranges  0x00000000000005d0       0x40 ./libopencm3/lib/libopencm3_stm32f1.a(gpio_common_all.o)
 .debug_ranges  0x0000000000000610       0x48 ./libopencm3/lib/libopencm3_stm32f1.a(iwdg_common_all.o)
 .debug_ranges  0x0000000000000658      0x260 ./libopencm3/lib/libopencm3_stm32f1.a(timer_common_all.o)
 .debug_ranges  0x00000000000008b8       0xa8 ./libopencm3/lib/libopencm3_stm32f1.a(usart_common_all.o)
 .debug_ranges  0x0000000000000960       0x38 ./libopencm3/lib/libopencm3_stm32f1.a(usart_common_f124.o)
 .debug_ranges  0x0000000000000998       0x38 ./libopencm3/lib/libopencm3_stm32f1.a(rcc_common_all.o)
 .debug_ranges  0x00000000000009d0       0x50 ./libopencm3/lib/libopencm3_stm32f1.a(exti_common_all.o)
 .debug_ranges  0x0000000000000a20       0x78 ./libopencm3/lib/libopencm3_stm32f1.a(flash_common_f01.o)
 .debug_ranges  0x0000000000000a98       0x20 ./libopencm3/lib/libopencm3_stm32f1.a(vector.o)
 .debug_ranges  0x0000000000000ab8       0x80 ./libopencm3/lib/libopencm3_stm32f1.a(systick.o)
 .debug_ranges  0x0000000000000b38       0x50 ./libopencm3/lib/libopencm3_stm32f1.a(nvic.o)

.debug_line     0x0000000000000000     0x8aa5
 .debug_line    0x0000000000000000      0xe58 msxmap.o
 .debug_line    0x0000000000000e58      0xc97 ps2handl.o
 .debug_line    0x0000000000001aef      0x2ea sys_timer.o
 .debug_line    0x0000000000001dd9      0xe7c dbasemgt.o
 .debug_line    0x0000000000002c55      0x8d7 serial.o
 .debug_line    0x000000000000352c      0x354 hr_timer.o
 .debug_line    0x0000000000003880      0x4bc ps2-msx.o
 .debug_line    0x0000000000003d3c      0x535 ./libopencm3/lib/libopencm3_stm32f1.a(flash.o)
 .debug_line    0x0000000000004271      0x34b ./libopencm3/lib/libopencm3_stm32f1.a(gpio.o)
 .debug_line    0x00000000000045bc      0xc1f ./libopencm3/lib/libopencm3_stm32f1.a(rcc.o)
 .debug_line    0x00000000000051db      0x355 ./libopencm3/lib/libopencm3_stm32f1.a(gpio_common_all.o)
 .debug_line    0x0000000000005530      0x40f ./libopencm3/lib/libopencm3_stm32f1.a(iwdg_common_all.o)
 .debug_line    0x000000000000593f     0x1263 ./libopencm3/lib/libopencm3_stm32f1.a(timer_common_all.o)
 .debug_line    0x0000000000006ba2      0x55f ./libopencm3/lib/libopencm3_stm32f1.a(usart_common_all.o)
 .debug_line    0x0000000000007101      0x3a7 ./libopencm3/lib/libopencm3_stm32f1.a(usart_common_f124.o)
 .debug_line    0x00000000000074a8      0x31c ./libopencm3/lib/libopencm3_stm32f1.a(rcc_common_all.o)
 .debug_line    0x00000000000077c4      0x3e3 ./libopencm3/lib/libopencm3_stm32f1.a(exti_common_all.o)
 .debug_line    0x0000000000007ba7      0x470 ./libopencm3/lib/libopencm3_stm32f1.a(flash_common_f01.o)
 .debug_line    0x0000000000008017      0x3d8 ./libopencm3/lib/libopencm3_stm32f1.a(vector.o)
 .debug_line    0x00000000000083ef      0x34b ./libopencm3/lib/libopencm3_stm32f1.a(systick.o)
 .debug_line    0x000000000000873a      0x36b ./libopencm3/lib/libopencm3_stm32f1.a(nvic.o)

.debug_str      0x0000000000000000    0x160c0
 .debug_str     0x0000000000000000      0x5fb msxmap.o
                                        0x6ab (size before relaxing)
 .debug_str     0x00000000000005fb      0x41e ps2handl.o
                                        0x5c5 (size before relaxing)
 .debug_str     0x0000000000000a19      0x101 sys_timer.o
                                        0x525 (size before relaxing)
 .debug_str     0x0000000000000b1a      0x42a dbasemgt.o
                                        0x6b2 (size before relaxing)
 .debug_str     0x0000000000000f44      0x419 serial.o
                                        0x6f4 (size before relaxing)
 .debug_str     0x000000000000135d      0x2df hr_timer.o
                                        0x7da (size before relaxing)
 .debug_str     0x000000000000163c       0x8b ps2-msx.o
                                        0x80e (size before relaxing)
 .debug_str     0x00000000000016c7     0x53f6 ./libopencm3/lib/libopencm3_stm32f1.a(flash.o)
                                       0x55ea (size before relaxing)
 .debug_str     0x0000000000006abd     0x37fe ./libopencm3/lib/libopencm3_stm32f1.a(gpio.o)
                                       0x84b6 (size before relaxing)
 .debug_str     0x000000000000a2bb     0x28e3 ./libopencm3/lib/libopencm3_stm32f1.a(rcc.o)
                                       0x7d0d (size before relaxing)
 .debug_str     0x000000000000cb9e       0x2c ./libopencm3/lib/libopencm3_stm32f1.a(gpio_common_all.o)
                                       0x84aa (size before relaxing)
 .debug_str     0x000000000000cbca      0x246 ./libopencm3/lib/libopencm3_stm32f1.a(iwdg_common_all.o)
                                       0x4ef5 (size before relaxing)
 .debug_str     0x000000000000ce10     0x4b29 ./libopencm3/lib/libopencm3_stm32f1.a(timer_common_all.o)
                                       0xbe4a (size before relaxing)
 .debug_str     0x0000000000011939     0x1014 ./libopencm3/lib/libopencm3_stm32f1.a(usart_common_all.o)
                                       0x8134 (size before relaxing)
 .debug_str     0x000000000001294d       0x51 ./libopencm3/lib/libopencm3_stm32f1.a(usart_common_f124.o)
                                       0x7f6c (size before relaxing)
 .debug_str     0x000000000001299e      0x13b ./libopencm3/lib/libopencm3_stm32f1.a(rcc_common_all.o)
                                       0x75bc (size before relaxing)
 .debug_str     0x0000000000012ad9      0x3b8 ./libopencm3/lib/libopencm3_stm32f1.a(exti_common_all.o)
                                       0x8887 (size before relaxing)
 .debug_str     0x0000000000012e91       0xa6 ./libopencm3/lib/libopencm3_stm32f1.a(flash_common_f01.o)
                                       0x555d (size before relaxing)
 .debug_str     0x0000000000012f37     0x24e5 ./libopencm3/lib/libopencm3_stm32f1.a(vector.o)
                                       0x65ff (size before relaxing)
 .debug_str     0x000000000001541c      0x2d6 ./libopencm3/lib/libopencm3_stm32f1.a(systick.o)
                                       0x4476 (size before relaxing)
 .debug_str     0x00000000000156f2      0x9ce ./libopencm3/lib/libopencm3_stm32f1.a(nvic.o)
                                       0x5313 (size before relaxing)

.comment        0x0000000000000000       0x4d
 .comment       0x0000000000000000       0x4d msxmap.o
                                         0x4e (size before relaxing)
 .comment       0x000000000000004d       0x4e ps2handl.o
 .comment       0x000000000000004d       0x4e sys_timer.o
 .comment       0x000000000000004d       0x4e dbasemgt.o
 .comment       0x000000000000004d       0x4e serial.o
 .comment       0x000000000000004d       0x4e hr_timer.o
 .comment       0x000000000000004d       0x4e ps2-msx.o
 .comment       0x000000000000004d       0x4e ./libopencm3/lib/libopencm3_stm32f1.a(flash.o)
 .comment       0x000000000000004d       0x4e ./libopencm3/lib/libopencm3_stm32f1.a(gpio.o)
 .comment       0x000000000000004d       0x4e ./libopencm3/lib/libopencm3_stm32f1.a(rcc.o)
 .comment       0x000000000000004d       0x4e ./libopencm3/lib/libopencm3_stm32f1.a(gpio_common_all.o)
 .comment       0x000000000000004d       0x4e ./libopencm3/lib/libopencm3_stm32f1.a(iwdg_common_all.o)
 .comment       0x000000000000004d       0x4e ./libopencm3/lib/libopencm3_stm32f1.a(timer_common_all.o)
 .comment       0x000000000000004d       0x4e ./libopencm3/lib/libopencm3_stm32f1.a(usart_common_all.o)
 .comment       0x000000000000004d       0x4e ./libopencm3/lib/libopencm3_stm32f1.a(usart_common_f124.o)
 .comment       0x000000000000004d       0x4e ./libopencm3/lib/libopencm3_stm32f1.a(rcc_common_all.o)
 .comment       0x000000000000004d       0x4e ./libopencm3/lib/libopencm3_stm32f1.a(exti_common_all.o)
 .comment       0x000000000000004d       0x4e ./libopencm3/lib/libopencm3_stm32f1.a(flash_common_f01.o)
 .comment       0x000000000000004d       0x4e ./libopencm3/lib/libopencm3_stm32f1.a(vector.o)
 .comment       0x000000000000004d       0x4e ./libopencm3/lib/libopencm3_stm32f1.a(systick.o)
 .comment       0x000000000000004d       0x4e ./libopencm3/lib/libopencm3_stm32f1.a(nvic.o)

.ARM.attributes
                0x0000000000000000       0x2b
 .ARM.attributes
                0x0000000000000000       0x2d msxmap.o
 .ARM.attributes
                0x000000000000002d       0x2d ps2handl.o
 .ARM.attributes
                0x000000000000005a       0x2d sys_timer.o
 .ARM.attributes
                0x0000000000000087       0x2d dbasemgt.o
 .ARM.attributes
                0x00000000000000b4       0x2d serial.o
 .ARM.attributes
                0x00000000000000e1       0x2d hr_timer.o
 .ARM.attributes
                0x000000000000010e       0x2d ps2-msx.o
 .ARM.attributes
                0x000000000000013b       0x2d ./libopencm3/lib/libopencm3_stm32f1.a(flash.o)
 .ARM.attributes
                0x0000000000000168       0x2d ./libopencm3/lib/libopencm3_stm32f1.a(gpio.o)
 .ARM.attributes
                0x0000000000000195       0x2d ./libopencm3/lib/libopencm3_stm32f1.a(rcc.o)
 .ARM.attributes
                0x00000000000001c2       0x2d ./libopencm3/lib/libopencm3_stm32f1.a(gpio_common_all.o)
 .ARM.attributes
                0x00000000000001ef       0x2d ./libopencm3/lib/libopencm3_stm32f1.a(iwdg_common_all.o)
 .ARM.attributes
                0x000000000000021c       0x2d ./libopencm3/lib/libopencm3_stm32f1.a(timer_common_all.o)
 .ARM.attributes
                0x0000000000000249       0x2d ./libopencm3/lib/libopencm3_stm32f1.a(usart_common_all.o)
 .ARM.attributes
                0x0000000000000276       0x2d ./libopencm3/lib/libopencm3_stm32f1.a(usart_common_f124.o)
 .ARM.attributes
                0x00000000000002a3       0x2d ./libopencm3/lib/libopencm3_stm32f1.a(rcc_common_all.o)
 .ARM.attributes
                0x00000000000002d0       0x2d ./libopencm3/lib/libopencm3_stm32f1.a(exti_common_all.o)
 .ARM.attributes
                0x00000000000002fd       0x2d ./libopencm3/lib/libopencm3_stm32f1.a(flash_common_f01.o)
 .ARM.attributes
                0x000000000000032a       0x2d ./libopencm3/lib/libopencm3_stm32f1.a(vector.o)
 .ARM.attributes
                0x0000000000000357       0x2d ./libopencm3/lib/libopencm3_stm32f1.a(systick.o)
 .ARM.attributes
                0x0000000000000384       0x2d ./libopencm3/lib/libopencm3_stm32f1.a(nvic.o)
 .ARM.attributes
                0x00000000000003b1       0x2d /opt/gcc-arm/bin/../lib/gcc/arm-none-eabi/10.2.1/../../../../arm-none-eabi/lib/thumb/v7-m/nofp/libc.a(lib_a-impure.o)
 .ARM.attributes
                0x00000000000003de       0x2d /opt/gcc-arm/bin/../lib/gcc/arm-none-eabi/10.2.1/thumb/v7-m/nofp/libgcc.a(_paritysi2.o)
 .ARM.attributes
                0x000000000000040b       0x2d /opt/gcc-arm/bin/../lib/gcc/arm-none-eabi/10.2.1/thumb/v7-m/nofp/libgcc.a(unwind-arm.o)
 .ARM.attributes
                0x0000000000000438       0x1d /opt/gcc-arm/bin/../lib/gcc/arm-none-eabi/10.2.1/thumb/v7-m/nofp/libgcc.a(libunwind.o)
 .ARM.attributes
                0x0000000000000455       0x2d /opt/gcc-arm/bin/../lib/gcc/arm-none-eabi/10.2.1/thumb/v7-m/nofp/libgcc.a(pr-support.o)
 .ARM.attributes
                0x0000000000000482       0x2d /opt/gcc-arm/bin/../lib/gcc/arm-none-eabi/10.2.1/../../../../arm-none-eabi/lib/thumb/v7-m/nofp/libc.a(lib_a-abort.o)
 .ARM.attributes
                0x00000000000004af       0x1b /opt/gcc-arm/bin/../lib/gcc/arm-none-eabi/10.2.1/../../../../arm-none-eabi/lib/thumb/v7-m/nofp/libc.a(lib_a-memcpy.o)
 .ARM.attributes
                0x00000000000004ca       0x2d /opt/gcc-arm/bin/../lib/gcc/arm-none-eabi/10.2.1/../../../../arm-none-eabi/lib/thumb/v7-m/nofp/libc.a(lib_a-signal.o)
 .ARM.attributes
                0x00000000000004f7       0x2d /opt/gcc-arm/bin/../lib/gcc/arm-none-eabi/10.2.1/../../../../arm-none-eabi/lib/thumb/v7-m/nofp/libc.a(lib_a-signalr.o)
 .ARM.attributes
                0x0000000000000524       0x2d /opt/gcc-arm/bin/../lib/gcc/arm-none-eabi/10.2.1/../../../../arm-none-eabi/lib/thumb/v7-m/nofp/libc.a(lib_a-reent.o)
 .ARM.attributes
                0x0000000000000551       0x2d /opt/gcc-arm/bin/../lib/gcc/arm-none-eabi/10.2.1/../../../../arm-none-eabi/lib/thumb/v7-m/nofp/libnosys.a(getpid.o)
 .ARM.attributes
                0x000000000000057e       0x2d /opt/gcc-arm/bin/../lib/gcc/arm-none-eabi/10.2.1/../../../../arm-none-eabi/lib/thumb/v7-m/nofp/libnosys.a(kill.o)
 .ARM.attributes
                0x00000000000005ab       0x2d /opt/gcc-arm/bin/../lib/gcc/arm-none-eabi/10.2.1/../../../../arm-none-eabi/lib/thumb/v7-m/nofp/libnosys.a(_exit.o)

.debug_frame    0x0000000000000000     0x1d18
 .debug_frame   0x0000000000000000      0x118 msxmap.o
 .debug_frame   0x0000000000000118      0x1bc ps2handl.o
 .debug_frame   0x00000000000002d4       0x48 sys_timer.o
 .debug_frame   0x000000000000031c      0x158 dbasemgt.o
 .debug_frame   0x0000000000000474      0x1b4 serial.o
 .debug_frame   0x0000000000000628       0x70 hr_timer.o
 .debug_frame   0x0000000000000698       0x44 ps2-msx.o
 .debug_frame   0x00000000000006dc      0x10c ./libopencm3/lib/libopencm3_stm32f1.a(flash.o)
 .debug_frame   0x00000000000007e8       0x60 ./libopencm3/lib/libopencm3_stm32f1.a(gpio.o)
 .debug_frame   0x0000000000000848      0x2f0 ./libopencm3/lib/libopencm3_stm32f1.a(rcc.o)
 .debug_frame   0x0000000000000b38       0x80 ./libopencm3/lib/libopencm3_stm32f1.a(gpio_common_all.o)
 .debug_frame   0x0000000000000bb8       0x68 ./libopencm3/lib/libopencm3_stm32f1.a(iwdg_common_all.o)
 .debug_frame   0x0000000000000c20      0x4d8 ./libopencm3/lib/libopencm3_stm32f1.a(timer_common_all.o)
 .debug_frame   0x00000000000010f8      0x170 ./libopencm3/lib/libopencm3_stm32f1.a(usart_common_all.o)
 .debug_frame   0x0000000000001268       0x70 ./libopencm3/lib/libopencm3_stm32f1.a(usart_common_f124.o)
 .debug_frame   0x00000000000012d8       0xb0 ./libopencm3/lib/libopencm3_stm32f1.a(rcc_common_all.o)
 .debug_frame   0x0000000000001388       0x88 ./libopencm3/lib/libopencm3_stm32f1.a(exti_common_all.o)
 .debug_frame   0x0000000000001410      0x120 ./libopencm3/lib/libopencm3_stm32f1.a(flash_common_f01.o)
 .debug_frame   0x0000000000001530       0x40 ./libopencm3/lib/libopencm3_stm32f1.a(vector.o)
 .debug_frame   0x0000000000001570       0xd8 ./libopencm3/lib/libopencm3_stm32f1.a(systick.o)
 .debug_frame   0x0000000000001648       0xa0 ./libopencm3/lib/libopencm3_stm32f1.a(nvic.o)
 .debug_frame   0x00000000000016e8       0x20 /opt/gcc-arm/bin/../lib/gcc/arm-none-eabi/10.2.1/thumb/v7-m/nofp/libgcc.a(_paritysi2.o)
 .debug_frame   0x0000000000001708      0x2e0 /opt/gcc-arm/bin/../lib/gcc/arm-none-eabi/10.2.1/thumb/v7-m/nofp/libgcc.a(unwind-arm.o)
 .debug_frame   0x00000000000019e8       0xf4 /opt/gcc-arm/bin/../lib/gcc/arm-none-eabi/10.2.1/thumb/v7-m/nofp/libgcc.a(pr-support.o)
 .debug_frame   0x0000000000001adc       0x28 /opt/gcc-arm/bin/../lib/gcc/arm-none-eabi/10.2.1/../../../../arm-none-eabi/lib/thumb/v7-m/nofp/libc.a(lib_a-abort.o)
 .debug_frame   0x0000000000001b04      0x114 /opt/gcc-arm/bin/../lib/gcc/arm-none-eabi/10.2.1/../../../../arm-none-eabi/lib/thumb/v7-m/nofp/libc.a(lib_a-signal.o)
 .debug_frame   0x0000000000001c18       0x3c /opt/gcc-arm/bin/../lib/gcc/arm-none-eabi/10.2.1/../../../../arm-none-eabi/lib/thumb/v7-m/nofp/libc.a(lib_a-signalr.o)
 .debug_frame   0x0000000000001c54       0x64 /opt/gcc-arm/bin/../lib/gcc/arm-none-eabi/10.2.1/../../../../arm-none-eabi/lib/thumb/v7-m/nofp/libc.a(lib_a-reent.o)
 .debug_frame   0x0000000000001cb8       0x20 /opt/gcc-arm/bin/../lib/gcc/arm-none-eabi/10.2.1/../../../../arm-none-eabi/lib/thumb/v7-m/nofp/libnosys.a(getpid.o)
 .debug_frame   0x0000000000001cd8       0x20 /opt/gcc-arm/bin/../lib/gcc/arm-none-eabi/10.2.1/../../../../arm-none-eabi/lib/thumb/v7-m/nofp/libnosys.a(kill.o)
 .debug_frame   0x0000000000001cf8       0x20 /opt/gcc-arm/bin/../lib/gcc/arm-none-eabi/10.2.1/../../../../arm-none-eabi/lib/thumb/v7-m/nofp/libnosys.a(_exit.o)

.debug_macro    0x0000000000000000     0x50fc
 .debug_macro   0x0000000000000000       0xc9 ./libopencm3/lib/libopencm3_stm32f1.a(flash.o)
 .debug_macro   0x00000000000000c9      0xa66 ./libopencm3/lib/libopencm3_stm32f1.a(flash.o)
 .debug_macro   0x0000000000000b2f       0x22 ./libopencm3/lib/libopencm3_stm32f1.a(flash.o)
 .debug_macro   0x0000000000000b51       0x8e ./libopencm3/lib/libopencm3_stm32f1.a(flash.o)
 .debug_macro   0x0000000000000bdf       0x51 ./libopencm3/lib/libopencm3_stm32f1.a(flash.o)
 .debug_macro   0x0000000000000c30      0x103 ./libopencm3/lib/libopencm3_stm32f1.a(flash.o)
 .debug_macro   0x0000000000000d33       0x6a ./libopencm3/lib/libopencm3_stm32f1.a(flash.o)
 .debug_macro   0x0000000000000d9d      0x1df ./libopencm3/lib/libopencm3_stm32f1.a(flash.o)
 .debug_macro   0x0000000000000f7c       0x22 ./libopencm3/lib/libopencm3_stm32f1.a(flash.o)
 .debug_macro   0x0000000000000f9e       0xfa ./libopencm3/lib/libopencm3_stm32f1.a(flash.o)
 .debug_macro   0x0000000000001098       0x58 ./libopencm3/lib/libopencm3_stm32f1.a(flash.o)
 .debug_macro   0x00000000000010f0      0x1b4 ./libopencm3/lib/libopencm3_stm32f1.a(flash.o)
 .debug_macro   0x00000000000012a4       0xdc ./libopencm3/lib/libopencm3_stm32f1.a(flash.o)
 .debug_macro   0x0000000000001380       0x82 ./libopencm3/lib/libopencm3_stm32f1.a(flash.o)
 .debug_macro   0x0000000000001402       0xb9 ./libopencm3/lib/libopencm3_stm32f1.a(gpio.o)
 .debug_macro   0x00000000000014bb       0x76 ./libopencm3/lib/libopencm3_stm32f1.a(gpio.o)
 .debug_macro   0x0000000000001531      0xdfd ./libopencm3/lib/libopencm3_stm32f1.a(gpio.o)
 .debug_macro   0x000000000000232e       0xe0 ./libopencm3/lib/libopencm3_stm32f1.a(rcc.o)
 .debug_macro   0x000000000000240e       0x16 ./libopencm3/lib/libopencm3_stm32f1.a(rcc.o)
 .debug_macro   0x0000000000002424      0x825 ./libopencm3/lib/libopencm3_stm32f1.a(rcc.o)
 .debug_macro   0x0000000000002c49       0xb9 ./libopencm3/lib/libopencm3_stm32f1.a(gpio_common_all.o)
 .debug_macro   0x0000000000002d02       0xc6 ./libopencm3/lib/libopencm3_stm32f1.a(iwdg_common_all.o)
 .debug_macro   0x0000000000002dc8       0x70 ./libopencm3/lib/libopencm3_stm32f1.a(iwdg_common_all.o)
 .debug_macro   0x0000000000002e38       0xd8 ./libopencm3/lib/libopencm3_stm32f1.a(timer_common_all.o)
 .debug_macro   0x0000000000002f10      0xf8f ./libopencm3/lib/libopencm3_stm32f1.a(timer_common_all.o)
 .debug_macro   0x0000000000003e9f       0xdb ./libopencm3/lib/libopencm3_stm32f1.a(usart_common_all.o)
 .debug_macro   0x0000000000003f7a       0x8e ./libopencm3/lib/libopencm3_stm32f1.a(usart_common_all.o)
 .debug_macro   0x0000000000004008      0x273 ./libopencm3/lib/libopencm3_stm32f1.a(usart_common_all.o)
 .debug_macro   0x000000000000427b       0xdb ./libopencm3/lib/libopencm3_stm32f1.a(usart_common_f124.o)
 .debug_macro   0x0000000000004356       0xcf ./libopencm3/lib/libopencm3_stm32f1.a(rcc_common_all.o)
 .debug_macro   0x0000000000004425       0xd0 ./libopencm3/lib/libopencm3_stm32f1.a(exti_common_all.o)
 .debug_macro   0x00000000000044f5      0x112 ./libopencm3/lib/libopencm3_stm32f1.a(exti_common_all.o)
 .debug_macro   0x0000000000004607       0xb9 ./libopencm3/lib/libopencm3_stm32f1.a(flash_common_f01.o)
 .debug_macro   0x00000000000046c0       0xd0 ./libopencm3/lib/libopencm3_stm32f1.a(vector.o)
 .debug_macro   0x0000000000004790      0x3a1 ./libopencm3/lib/libopencm3_stm32f1.a(vector.o)
 .debug_macro   0x0000000000004b31       0x6a ./libopencm3/lib/libopencm3_stm32f1.a(vector.o)
 .debug_macro   0x0000000000004b9b      0x1a2 ./libopencm3/lib/libopencm3_stm32f1.a(vector.o)
 .debug_macro   0x0000000000004d3d       0x93 ./libopencm3/lib/libopencm3_stm32f1.a(systick.o)
 .debug_macro   0x0000000000004dd0       0x64 ./libopencm3/lib/libopencm3_stm32f1.a(systick.o)
 .debug_macro   0x0000000000004e34       0xb4 ./libopencm3/lib/libopencm3_stm32f1.a(nvic.o)
 .debug_macro   0x0000000000004ee8       0x64 ./libopencm3/lib/libopencm3_stm32f1.a(nvic.o)
 .debug_macro   0x0000000000004f4c      0x1b0 ./libopencm3/lib/libopencm3_stm32f1.a(nvic.o)

.stab           0x0000000000000000       0x3c
 .stab          0x0000000000000000       0x24 /opt/gcc-arm/bin/../lib/gcc/arm-none-eabi/10.2.1/../../../../arm-none-eabi/lib/thumb/v7-m/nofp/libnosys.a(getpid.o)
 .stab          0x0000000000000024       0x18 /opt/gcc-arm/bin/../lib/gcc/arm-none-eabi/10.2.1/../../../../arm-none-eabi/lib/thumb/v7-m/nofp/libnosys.a(kill.o)
                                         0x24 (size before relaxing)

.stabstr        0x0000000000000000       0x76
 .stabstr       0x0000000000000000       0x76 /opt/gcc-arm/bin/../lib/gcc/arm-none-eabi/10.2.1/../../../../arm-none-eabi/lib/thumb/v7-m/nofp/libnosys.a(getpid.o)
